info  Running SUSHI v3.20.0 (implements FHIR Shorthand specification v3.0.0)
info  Arguments:
info    /private/tmp/kds-dokument-run-20260806/sandbox
info  No output path specified. Output to .
info  Using configuration file: /private/tmp/kds-dokument-run-20260806/sandbox/sushi-config.yaml
info  Importing FSH text...
info  Preprocessed 35 documents with 45 aliases.
info  Imported 10 definitions and 8 instances.
info  Loaded virtual package sushi-r5forR4#1.0.0 with 7 resources
info  Resolved hl7.fhir.uv.tools.r4#latest to concrete version 1.1.2
info  Loaded hl7.fhir.uv.tools.r4#1.1.2 with 119 resources
info  Resolved hl7.terminology.r4#latest to concrete version 7.3.0
info  Loaded hl7.terminology.r4#7.3.0 with 4176 resources
info  Loaded de.ihe-d.terminology#3.0.1 with 32 resources
info  Loaded de.medizininformatikinitiative.kerndatensatz.base#2026.0.0 with 37 resources
info  Loaded de.medizininformatikinitiative.kerndatensatz.meta#2026.0.0 with 173 resources
info  Loaded dvmd.kdl.r4#2025.0.1 with 5 resources
info  Loaded ihe.formatcode.fhir#1.4.0 with 5 resources
info  Loaded hl7.fhir.uv.crmi#2.0.0 with 123 resources
info  Loaded hl7.fhir.r4.core#4.0.1 with 4581 resources
info  Resolved hl7.fhir.uv.extensions.r4#latest to concrete version 5.3.0
info  Loaded hl7.fhir.uv.extensions.r4#5.3.0 with 885 resources
info  Loaded virtual package sushi-local#LOCAL with 1 resources
info  Converting FSH to FHIR resources...
info  Converted 3 FHIR StructureDefinitions.
info  Converted 1 FHIR CodeSystems.
info  Converted 6 FHIR ValueSets.
info  Converted 8 FHIR instances.
info  Exporting FHIR resources as JSON...
info  Exported 18 FHIR resources as JSON.
info  Assembling Implementation Guide sources...
info  Generated ImplementationGuide-mii-ig-dokument.json
info  Assembled Implementation Guide sources; ready for IG Publisher.

========================= SUSHI RESULTS ===========================
|  -------------------------------------------------------------  |
| |    Profiles   |  Extensions  |   Logicals   |   Resources   | |
| |-------------------------------------------------------------| |
| |       1       |      1       |      1       |       0       | |
|  -------------------------------------------------------------  |
|  -------------------------------------------------------------  |
| |      ValueSets     |    CodeSystems    |     Instances      | |
| |-------------------------------------------------------------| |
| |         6          |         1         |         8          | |
|  -------------------------------------------------------------  |
|                                                                 |
===================================================================
| You've proven any-fin is possible.     0 Errors      0 Warnings |
===================================================================

